// Jest Snapshot v1, https://goo.gl/fbAQLP

exports[`TextField Renders Correctly 1`] = `
<form
  onSubmit={[Function]}
>
  <div
    aria-describedby={undefined}
    className="MuiFormControl-root-1"
    onBlur={[Function]}
    onFocus={[Function]}
  >
    <label
      className="MuiFormLabel-root-10 MuiInputLabel-root-5 MuiInputLabel-formControl-6 MuiInputLabel-animated-9"
      data-shrink={false}
      htmlFor={undefined}
    >
      Text
    </label>
    <div
      className="MuiInput-root-15 MuiInput-formControl-16 MuiInput-underline-19"
    >
      <input
        aria-invalid={false}
        aria-required={false}
        autoComplete={undefined}
        autoFocus={undefined}
        className="MuiInput-input-23"
        defaultValue={undefined}
        disabled={false}
        id={undefined}
        name="test"
        onBlur={[Function]}
        onChange={[Function]}
        onFocus={[Function]}
        onKeyDown={undefined}
        onKeyUp={undefined}
        placeholder={undefined}
        readOnly={undefined}
        required={undefined}
        rows={undefined}
        type="text"
        value={undefined}
      />
    </div>
  </div>
</form>
`;
